
> business-hub@1.0.1 build
> tsc -b && vite build

[36mvite v7.3.2 [32mbuilding client environment for production...[36m[39m
transforming...
[32mΓ£ô[39m 2477 modules transformed.
rendering chunks...
node.exe : [33m[plugin vite:reporter] 
At line:1 char:1
+ & "C:\Program Files\nodejs/node.exe" "C:\Program Files\nodejs/node_mo ...
+ ~~~~~~~~~~~~~~~~~~~~~~~~~~~~~~~~~~~~~~~~~~~~~~~~~~~~~~~~~~~~~~~~~~~~~
    + CategoryInfo          : NotSpecified: ([33m[plugin vite:reporter] :String) [], RemoteException
    + FullyQualifiedErrorId : NativeCommandError
 
(!) D:/business-hub/src/lib/useAuthStore.ts is dynamically imported by D:/business-hub/src/sync/SyncWorker.ts but also 
statically imported by D:/business-hub/src/App.tsx, D:/business-hub/src/pages/Agents.tsx, 
D:/business-hub/src/pages/Auth.tsx, D:/business-hub/src/pages/Dashboard.tsx, 
D:/business-hub/src/pages/Reconciliation.tsx, D:/business-hub/src/pages/Settings.tsx, dynamic import will not move 
module into another chunk.
[39m
computing gzip size...
[2mdist/[22m[32mregisterSW.js                       [39m[1m[2m  0.13 kB[22m[1m[22m
[2mdist/[22m[32mmanifest.webmanifest                [39m[1m[2m  0.44 kB[22m[1m[22m
[2mdist/[22m[32mindex.html                          [39m[1m[2m  1.29 kB[22m[1m[22m[2m Γöé gzip:   0.55 kB[22m
[2mdist/[22m[35massets/index-oPMY1-my.css           [39m[1m[2m 99.28 kB[22m[1m[22m[2m Γöé gzip:  14.40 kB[22m
[2mdist/[22m[36massets/Input-ft3xiyia.js            [39m[1m[2m  0.26 kB[22m[1m[22m[2m Γöé gzip:   0.21 kB[22m
[2mdist/[22m[36massets/analyticsUtils-M7loUWeo.js   [39m[1m[2m  0.55 kB[22m[1m[22m[2m Γöé gzip:   0.31 kB[22m
[2mdist/[22m[36massets/forecast-Ckkrstfn.js         [39m[1m[2m  0.85 kB[22m[1m[22m[2m Γöé gzip:   0.46 kB[22m
[2mdist/[22m[36massets/web-DmpzKX6E.js              [39m[1m[2m  0.99 kB[22m[1m[22m[2m Γöé gzip:   0.46 kB[22m
[2mdist/[22m[36massets/Label-D9IxZMhu.js            [39m[1m[2m  1.12 kB[22m[1m[22m[2m Γöé gzip:   0.60 kB[22m
[2mdist/[22m[36massets/web-DEG-sTHT.js              [39m[1m[2m  1.30 kB[22m[1m[22m[2m Γöé gzip:   0.62 kB[22m
[2mdist/[22m[36massets/ErrorModal-B-2sd2HV.js       [39m[1m[2m  1.33 kB[22m[1m[22m[2m Γöé gzip:   0.63 kB[22m
[2mdist/[22m[36massets/web-DCMgGVRS.js              [39m[1m[2m  1.64 kB[22m[1m[22m[2m Γöé gzip:   0.61 kB[22m
[2mdist/[22m[36massets/migrationEngine-kLVnrK8t.js  [39m[1m[2m  1.94 kB[22m[1m[22m[2m Γöé gzip:   0.95 kB[22m
[2mdist/[22m[36massets/ConfirmDialog-B4MdWs67.js    [39m[1m[2m  2.64 kB[22m[1m[22m[2m Γöé gzip:   1.09 kB[22m
[2mdist/[22m[36massets/web-BSCKyJR1.js              [39m[1m[2m  3.21 kB[22m[1m[22m[2m Γöé gzip:   1.11 kB[22m
[2mdist/[22m[36massets/0001_init-PXd59_oy.js        [39m[1m[2m  6.12 kB[22m[1m[22m[2m Γöé gzip:   1.27 kB[22m
[2mdist/[22m[36massets/Agents-B36gL2e1.js           [39m[1m[2m  6.20 kB[22m[1m[22m[2m Γöé gzip:   2.19 kB[22m
[2mdist/[22m[36massets/Reconciliation-DfaqPAs1.js   [39m[1m[2m  6.70 kB[22m[1m[22m[2m Γöé gzip:   2.51 kB[22m
[2mdist/[22m[36massets/StockAlerts-B0mamcS4.js      [39m[1m[2m  6.73 kB[22m[1m[22m[2m Γöé gzip:   1.71 kB[22m
[2mdist/[22m[36massets/MigrationTool-HcQovc13.js    [39m[1m[2m  7.43 kB[22m[1m[22m[2m Γöé gzip:   2.76 kB[22m
[2mdist/[22m[36massets/web-DXdeWXfZ.js              [39m[1m[2m  8.55 kB[22m[1m[22m[2m Γöé gzip:   2.50 kB[22m
[2mdist/[22m[36massets/web-B7i-wzG_.js              [39m[1m[2m  9.77 kB[22m[1m[22m[2m Γöé gzip:   1.40 kB[22m
[2mdist/[22m[36massets/Expenses-lcTZmTYO.js         [39m[1m[2m  9.82 kB[22m[1m[22m[2m Γöé gzip:   2.95 kB[22m
[2mdist/[22m[36massets/index-wCdpbebH.js            [39m[1m[2m 14.27 kB[22m[1m[22m[2m Γöé gzip:   2.83 kB[22m
[2mdist/[22m[36massets/Customers-qDGVdKDt.js        [39m[1m[2m 15.36 kB[22m[1m[22m[2m Γöé gzip:   4.19 kB[22m
[2mdist/[22m[36massets/Analytics-DJPUvKgM.js        [39m[1m[2m 16.42 kB[22m[1m[22m[2m Γöé gzip:   4.80 kB[22m
[2mdist/[22m[36massets/History-Bgx0_0s3.js          [39m[1m[2m 16.57 kB[22m[1m[22m[2m Γöé gzip:   3.91 kB[22m
[2mdist/[22m[36massets/vendor-crypto-DGnxsfR-.js    [39m[1m[2m 19.97 kB[22m[1m[22m[2m Γöé gzip:   8.93 kB[22m
[2mdist/[22m[36massets/Dashboard-C68M_i14.js        [39m[1m[2m 20.76 kB[22m[1m[22m[2m Γöé gzip:   5.71 kB[22m
[2mdist/[22m[36massets/ReceiptModal-BeLAgopj.js     [39m[1m[2m 22.43 kB[22m[1m[22m[2m Γöé gzip:   6.63 kB[22m
[2mdist/[22m[36massets/vendor-icons-C-TNvgfm.js     [39m[1m[2m 22.74 kB[22m[1m[22m[2m Γöé gzip:   7.79 kB[22m
[2mdist/[22m[36massets/Settings-BCNRBTk1.js         [39m[1m[2m 26.57 kB[22m[1m[22m[2m Γöé gzip:   6.76 kB[22m
[2mdist/[22m[36massets/Inventory-DbRjYuVJ.js        [39m[1m[2m 35.74 kB[22m[1m[22m[2m Γöé gzip:   8.63 kB[22m
[2mdist/[22m[36massets/POS-C7-J8Sad.js              [39m[1m[2m 37.69 kB[22m[1m[22m[2m Γöé gzip:   9.77 kB[22m
[2mdist/[22m[36massets/vendor-sql-I3gASBJQ.js       [39m[1m[2m 40.36 kB[22m[1m[22m[2m Γöé gzip:  14.54 kB[22m
[2mdist/[22m[36massets/Team-DVTW8puY.js             [39m[1m[2m 44.87 kB[22m[1m[22m[2m Γöé gzip:   9.81 kB[22m
[2mdist/[22m[36massets/vendor-router-CvorFKp9.js    [39m[1m[2m 48.21 kB[22m[1m[22m[2m Γöé gzip:  16.94 kB[22m
[2mdist/[22m[36massets/index-CEhN3Aep.js            [39m[1m[2m307.70 kB[22m[1m[22m[2m Γöé gzip:  90.49 kB[22m
[2mdist/[22m[36massets/vendor-excel-BrcMyRkh.js     [39m[1m[2m365.35 kB[22m[1m[22m[2m Γöé gzip: 123.56 kB[22m
[2mdist/[22m[36massets/vendor-charts-BwU61jNx.js    [39m[1m[2m415.23 kB[22m[1m[22m[2m Γöé gzip: 111.87 kB[22m
[2mdist/[22m[36massets/vendor-firebase-CIeL7NQ1.js  [39m[1m[2m442.67 kB[22m[1m[22m[2m Γöé gzip: 135.75 kB[22m
[32mΓ£ô built in 7.45s[39m

PWA v1.2.0
mode      generateSW
precache  44 entries (2686.00 KiB)
files generated
  dist/sw.js
  dist/workbox-8c29f6e4.js
